Step 100 - Score 500 - ABORT_END
Water: 0 / 10, Level 0
Growth: 12 / 15, Razor: 1
##########
#        #
#        #
#        #
#*       #
####   # #
#      #RO
#       *#
#      **#
##########

