Step 33 - Score 867 - WIN_END
Water: 0 / 10, Level 0
Growth: 16 / 25, Razor: 0
    #######        
    ##     #       
     ##    ##      
      ## ** ##     
       ##.. .##    
      ##      ##   
     ##   R    ##  
    ##   # #    ## 
   ######   #######

