Step 10 - Score -10 - WIN_END
Water: 0 / 10, Level 0
Growth: 15 / 25, Razor: 0
#####  ###  ##### #####
#     #   #   #        
####  #####   #   #### 
#     #   #   #   #    
#     #   #   #   #R###

