Step 27 - Score 323 - ABORT_END
Water: 0 / 5, Level 4
Growth: 21 / 25, Razor: 0
###########
#     ....#
#        .#
#        R#
# *******.#
# .*\\\*..#
# #*\\\*#.#
#########L#

